Archive member included to satisfy reference by file (symbol)

/home/limabionics/.p2/pool/plugins/fr.ac6.mcu.externaltools.arm-none.linux64_1.13.1.201703061524/tools/compiler/bin/../lib/gcc/arm-none-eabi/5.4.1/../../../../arm-none-eabi/lib/armv7e-m/fpu/libc_nano.a(lib_a-exit.o)
                              /home/limabionics/.p2/pool/plugins/fr.ac6.mcu.externaltools.arm-none.linux64_1.13.1.201703061524/tools/compiler/bin/../lib/gcc/arm-none-eabi/5.4.1/../../../../arm-none-eabi/lib/armv7e-m/fpu/crt0.o (exit)
/home/limabionics/.p2/pool/plugins/fr.ac6.mcu.externaltools.arm-none.linux64_1.13.1.201703061524/tools/compiler/bin/../lib/gcc/arm-none-eabi/5.4.1/../../../../arm-none-eabi/lib/armv7e-m/fpu/libc_nano.a(lib_a-impure.o)
                              /home/limabionics/.p2/pool/plugins/fr.ac6.mcu.externaltools.arm-none.linux64_1.13.1.201703061524/tools/compiler/bin/../lib/gcc/arm-none-eabi/5.4.1/../../../../arm-none-eabi/lib/armv7e-m/fpu/libc_nano.a(lib_a-exit.o) (_global_impure_ptr)
/home/limabionics/.p2/pool/plugins/fr.ac6.mcu.externaltools.arm-none.linux64_1.13.1.201703061524/tools/compiler/bin/../lib/gcc/arm-none-eabi/5.4.1/../../../../arm-none-eabi/lib/armv7e-m/fpu/libc_nano.a(lib_a-init.o)
                              /home/limabionics/.p2/pool/plugins/fr.ac6.mcu.externaltools.arm-none.linux64_1.13.1.201703061524/tools/compiler/bin/../lib/gcc/arm-none-eabi/5.4.1/../../../../arm-none-eabi/lib/armv7e-m/fpu/crt0.o (__libc_init_array)
/home/limabionics/.p2/pool/plugins/fr.ac6.mcu.externaltools.arm-none.linux64_1.13.1.201703061524/tools/compiler/bin/../lib/gcc/arm-none-eabi/5.4.1/../../../../arm-none-eabi/lib/armv7e-m/fpu/libc_nano.a(lib_a-memset.o)
                              /home/limabionics/.p2/pool/plugins/fr.ac6.mcu.externaltools.arm-none.linux64_1.13.1.201703061524/tools/compiler/bin/../lib/gcc/arm-none-eabi/5.4.1/../../../../arm-none-eabi/lib/armv7e-m/fpu/crt0.o (memset)
/home/limabionics/.p2/pool/plugins/fr.ac6.mcu.externaltools.arm-none.linux64_1.13.1.201703061524/tools/compiler/bin/../lib/gcc/arm-none-eabi/5.4.1/../../../../arm-none-eabi/lib/armv7e-m/fpu/libnosys.a(_exit.o)
                              /home/limabionics/.p2/pool/plugins/fr.ac6.mcu.externaltools.arm-none.linux64_1.13.1.201703061524/tools/compiler/bin/../lib/gcc/arm-none-eabi/5.4.1/../../../../arm-none-eabi/lib/armv7e-m/fpu/libc_nano.a(lib_a-exit.o) (_exit)

Allocating common symbols
Common symbol       size              file

uwTick              0x4               Drivers/STM32F4xx_HAL_Driver/Src/stm32f4xx_hal.o
pFlash              0x20              Drivers/STM32F4xx_HAL_Driver/Src/stm32f4xx_hal_flash.o
hadc1               0x48              Src/main.o
adcValE             0x10              Src/main.o
hdma_adc1           0x60              Src/main.o

Discarded input sections

 .text          0x00000000        0x0 /home/limabionics/.p2/pool/plugins/fr.ac6.mcu.externaltools.arm-none.linux64_1.13.1.201703061524/tools/compiler/bin/../lib/gcc/arm-none-eabi/5.4.1/armv7e-m/fpu/crti.o
 .data          0x00000000        0x0 /home/limabionics/.p2/pool/plugins/fr.ac6.mcu.externaltools.arm-none.linux64_1.13.1.201703061524/tools/compiler/bin/../lib/gcc/arm-none-eabi/5.4.1/armv7e-m/fpu/crti.o
 .bss           0x00000000        0x0 /home/limabionics/.p2/pool/plugins/fr.ac6.mcu.externaltools.arm-none.linux64_1.13.1.201703061524/tools/compiler/bin/../lib/gcc/arm-none-eabi/5.4.1/armv7e-m/fpu/crti.o
 .data          0x00000000        0x4 /home/limabionics/.p2/pool/plugins/fr.ac6.mcu.externaltools.arm-none.linux64_1.13.1.201703061524/tools/compiler/bin/../lib/gcc/arm-none-eabi/5.4.1/armv7e-m/fpu/crtbegin.o
 .text          0x00000000       0x74 /home/limabionics/.p2/pool/plugins/fr.ac6.mcu.externaltools.arm-none.linux64_1.13.1.201703061524/tools/compiler/bin/../lib/gcc/arm-none-eabi/5.4.1/../../../../arm-none-eabi/lib/armv7e-m/fpu/crt0.o
 .data          0x00000000        0x0 /home/limabionics/.p2/pool/plugins/fr.ac6.mcu.externaltools.arm-none.linux64_1.13.1.201703061524/tools/compiler/bin/../lib/gcc/arm-none-eabi/5.4.1/../../../../arm-none-eabi/lib/armv7e-m/fpu/crt0.o
 .bss           0x00000000        0x0 /home/limabionics/.p2/pool/plugins/fr.ac6.mcu.externaltools.arm-none.linux64_1.13.1.201703061524/tools/compiler/bin/../lib/gcc/arm-none-eabi/5.4.1/../../../../arm-none-eabi/lib/armv7e-m/fpu/crt0.o
 .ARM.extab     0x00000000        0x0 /home/limabionics/.p2/pool/plugins/fr.ac6.mcu.externaltools.arm-none.linux64_1.13.1.201703061524/tools/compiler/bin/../lib/gcc/arm-none-eabi/5.4.1/../../../../arm-none-eabi/lib/armv7e-m/fpu/crt0.o
 .ARM.exidx     0x00000000        0x8 /home/limabionics/.p2/pool/plugins/fr.ac6.mcu.externaltools.arm-none.linux64_1.13.1.201703061524/tools/compiler/bin/../lib/gcc/arm-none-eabi/5.4.1/../../../../arm-none-eabi/lib/armv7e-m/fpu/crt0.o
 .ARM.attributes
[...]
Memory Configuration

Name             Origin             Length             Attributes
RAM              0x20000000         0x00020000         xrw
CCMRAM           0x10000000         0x00010000         rw
FLASH            0x08000000         0x00100000         xr
*default*        0x00000000         0xffffffff

Linker script and memory map

LOAD /home/limabionics/.p2/pool/plugins/fr.ac6.mcu.externaltools.arm-none.linux64_1.13.1.201703061524/tools/compiler/bin/../lib/gcc/arm-none-eabi/5.4.1/armv7e-m/fpu/crti.o
LOAD /home/limabionics/.p2/pool/plugins/fr.ac6.mcu.externaltools.arm-none.linux64_1.13.1.201703061524/tools/compiler/bin/../lib/gcc/arm-none-eabi/5.4.1/armv7e-m/fpu/crtbegin.o
LOAD /home/limabionics/.p2/pool/plugins/fr.ac6.mcu.externaltools.arm-none.linux64_1.13.1.201703061524/tools/compiler/bin/../lib/gcc/arm-none-eabi/5.4.1/../../../../arm-none-eabi/lib/armv7e-m/fpu/crt0.o
LOAD /home/limabionics/.p2/pool/plugins/fr.ac6.mcu.externaltools.arm-none.linux64_1.13.1.201703061524/tools/compiler/bin/../lib/gcc/arm-none-eabi/5.4.1/../../../../arm-none-eabi/lib/armv7e-m/fpu/libm.a
LOAD Drivers/STM32F4xx_HAL_Driver/Src/stm32f4xx_hal.o
LOAD Drivers/STM32F4xx_HAL_Driver/Src/stm32f4xx_hal_adc.o
LOAD Drivers/STM32F4xx_HAL_Driver/Src/stm32f4xx_hal_adc_ex.o
LOAD Drivers/STM32F4xx_HAL_Driver/Src/stm32f4xx_hal_cortex.o
LOAD Drivers/STM32F4xx_HAL_Driver/Src/stm32f4xx_hal_dma.o
LOAD Drivers/STM32F4xx_HAL_Driver/Src/stm32f4xx_hal_dma_ex.o
LOAD Drivers/STM32F4xx_HAL_Driver/Src/stm32f4xx_hal_flash.o
LOAD Drivers/STM32F4xx_HAL_Driver/Src/stm32f4xx_hal_flash_ex.o
LOAD Drivers/STM32F4xx_HAL_Driver/Src/stm32f4xx_hal_flash_ramfunc.o
LOAD Drivers/STM32F4xx_HAL_Driver/Src/stm32f4xx_hal_gpio.o
LOAD Drivers/STM32F4xx_HAL_Driver/Src/stm32f4xx_hal_pwr.o
LOAD Drivers/STM32F4xx_HAL_Driver/Src/stm32f4xx_hal_pwr_ex.o
LOAD Drivers/STM32F4xx_HAL_Driver/Src/stm32f4xx_hal_rcc.o
LOAD Drivers/STM32F4xx_HAL_Driver/Src/stm32f4xx_hal_rcc_ex.o
LOAD Src/main.o
LOAD Src/stm32f4xx_hal_msp.o
LOAD Src/stm32f4xx_it.o
LOAD Src/system_stm32f4xx.o
LOAD startup/startup_stm32f407xx.o
START GROUP
LOAD /home/limabionics/.p2/pool/plugins/fr.ac6.mcu.externaltools.arm-none.linux64_1.13.1.201703061524/tools/compiler/bin/../lib/gcc/arm-none-eabi/5.4.1/armv7e-m/fpu/libgcc.a
LOAD /home/limabionics/.p2/pool/plugins/fr.ac6.mcu.externaltools.arm-none.linux64_1.13.1.201703061524/tools/compiler/bin/../lib/gcc/arm-none-eabi/5.4.1/../../../../arm-none-eabi/lib/armv7e-m/fpu/libc_nano.a
END GROUP
START GROUP
LOAD /home/limabionics/.p2/pool/plugins/fr.ac6.mcu.externaltools.arm-none.linux64_1.13.1.201703061524/tools/compiler/bin/../lib/gcc/arm-none-eabi/5.4.1/armv7e-m/fpu/libgcc.a
LOAD /home/limabionics/.p2/pool/plugins/fr.ac6.mcu.externaltools.arm-none.linux64_1.13.1.201703061524/tools/compiler/bin/../lib/gcc/arm-none-eabi/5.4.1/../../../../arm-none-eabi/lib/armv7e-m/fpu/libc_nano.a
LOAD /home/limabionics/.p2/pool/plugins/fr.ac6.mcu.externaltools.arm-none.linux64_1.13.1.201703061524/tools/compiler/bin/../lib/gcc/arm-none-eabi/5.4.1/../../../../arm-none-eabi/lib/armv7e-m/fpu/libnosys.a
END GROUP
START GROUP
LOAD /home/limabionics/.p2/pool/plugins/fr.ac6.mcu.externaltools.arm-none.linux64_1.13.1.201703061524/tools/compiler/bin/../lib/gcc/arm-none-eabi/5.4.1/armv7e-m/fpu/libgcc.a
LOAD /home/limabionics/.p2/pool/plugins/fr.ac6.mcu.externaltools.arm-none.linux64_1.13.1.201703061524/tools/compiler/bin/../lib/gcc/arm-none-eabi/5.4.1/../../../../arm-none-eabi/lib/armv7e-m/fpu/libc_nano.a
LOAD /home/limabionics/.p2/pool/plugins/fr.ac6.mcu.externaltools.arm-none.linux64_1.13.1.201703061524/tools/compiler/bin/../lib/gcc/arm-none-eabi/5.4.1/../../../../arm-none-eabi/lib/armv7e-m/fpu/libnosys.a
END GROUP
LOAD /home/limabionics/.p2/pool/plugins/fr.ac6.mcu.externaltools.arm-none.linux64_1.13.1.201703061524/tools/compiler/bin/../lib/gcc/arm-none-eabi/5.4.1/armv7e-m/fpu/crtend.o
LOAD /home/limabionics/.p2/pool/plugins/fr.ac6.mcu.externaltools.arm-none.linux64_1.13.1.201703061524/tools/compiler/bin/../lib/gcc/arm-none-eabi/5.4.1/armv7e-m/fpu/crtn.o
                0x20020000                _estack = 0x20020000
                0x00000200                _Min_Heap_Size = 0x200
                0x00000400                _Min_Stack_Size = 0x400

.isr_vector     0x08000000      0x188
                0x08000000                . = ALIGN (0x4)
 *(.isr_vector)
 .isr_vector    0x08000000      0x188 startup/startup_stm32f407xx.o
                0x08000000                g_pfnVectors
                0x08000188                . = ALIGN (0x4)

.text           0x08000188     0x1734
                0x08000188                . = ALIGN (0x4)
 *(.text)
 .text          0x08000188       0x5c /home/limabionics/.p2/pool/plugins/fr.ac6.mcu.externaltools.arm-none.linux64_1.13.1.201703061524/tools/compiler/bin/../lib/gcc/arm-none-eabi/5.4.1/armv7e-m/fpu/crtbegin.o
 *(.text*)
 .text.HAL_InitTick
                0x080001e4       0x2c Drivers/STM32F4xx_HAL_Driver/Src/stm32f4xx_hal.o
                0x080001e4                HAL_InitTick
 .text.HAL_Init
                0x08000210       0x34 Drivers/STM32F4xx_HAL_Driver/Src/stm32f4xx_hal.o
                0x08000210                HAL_Init
 .text.HAL_IncTick
                0x08000244       0x10 Drivers/STM32F4xx_HAL_Driver/Src/stm32f4xx_hal.o
                0x08000244                HAL_IncTick
 .text.HAL_GetTick
                0x08000254        0xc Drivers/STM32F4xx_HAL_Driver/Src/stm32f4xx_hal.o
                0x08000254                HAL_GetTick
 .text.ADC_Init
                0x08000260      0x138 Drivers/STM32F4xx_HAL_Driver/Src/stm32f4xx_hal_adc.o
 .text.HAL_ADC_Init
                0x08000398       0x54 Drivers/STM32F4xx_HAL_Driver/Src/stm32f4xx_hal_adc.o
                0x08000398                HAL_ADC_Init
 .text.HAL_ADC_Start_DMA
                0x080003ec      0x140 Drivers/STM32F4xx_HAL_Driver/Src/stm32f4xx_hal_adc.o
                0x080003ec                HAL_ADC_Start_DMA
 .text.HAL_ADC_ConvCpltCallback
                0x0800052c        0x4 Drivers/STM32F4xx_HAL_Driver/Src/stm32f4xx_hal_adc.o
                0x0800052c                HAL_ADC_ConvCpltCallback
 .text.ADC_DMAConvCplt
                0x08000530       0x64 Drivers/STM32F4xx_HAL_Driver/Src/stm32f4xx_hal_adc.o
 .text.HAL_ADC_ConvHalfCpltCallback
                0x08000594        0x4 Drivers/STM32F4xx_HAL_Driver/Src/stm32f4xx_hal_adc.o
                0x08000594                HAL_ADC_ConvHalfCpltCallback
 .text.ADC_DMAHalfConvCplt
                0x08000598        0xc Drivers/STM32F4xx_HAL_Driver/Src/stm32f4xx_hal_adc.o
 .text.HAL_ADC_ErrorCallback
                0x080005a4        0x4 Drivers/STM32F4xx_HAL_Driver/Src/stm32f4xx_hal_adc.o
                0x080005a4                HAL_ADC_ErrorCallback
 .text.ADC_DMAError
                0x080005a8       0x18 Drivers/STM32F4xx_HAL_Driver/Src/stm32f4xx_hal_adc.o
 .text.HAL_ADC_ConfigChannel
                0x080005c0      0x18c Drivers/STM32F4xx_HAL_Driver/Src/stm32f4xx_hal_adc.o
                0x080005c0                HAL_ADC_ConfigChannel
 .text.HAL_NVIC_SetPriorityGrouping
                0x0800074c       0x24 Drivers/STM32F4xx_HAL_Driver/Src/stm32f4xx_hal_cortex.o
                0x0800074c                HAL_NVIC_SetPriorityGrouping
 .text.HAL_NVIC_SetPriority
                0x08000770       0x64 Drivers/STM32F4xx_HAL_Driver/Src/stm32f4xx_hal_cortex.o
                0x08000770                HAL_NVIC_SetPriority
 .text.HAL_NVIC_EnableIRQ
                0x080007d4       0x18 Drivers/STM32F4xx_HAL_Driver/Src/stm32f4xx_hal_cortex.o
                0x080007d4                HAL_NVIC_EnableIRQ
 .text.HAL_SYSTICK_Config
                0x080007ec       0x2c Drivers/STM32F4xx_HAL_Driver/Src/stm32f4xx_hal_cortex.o
                0x080007ec                HAL_SYSTICK_Config
 .text.HAL_SYSTICK_CLKSourceConfig
                0x08000818       0x20 Drivers/STM32F4xx_HAL_Driver/Src/stm32f4xx_hal_cortex.o
                0x08000818                HAL_SYSTICK_CLKSourceConfig
 .text.HAL_SYSTICK_Callback
                0x08000838        0x4 Drivers/STM32F4xx_HAL_Driver/Src/stm32f4xx_hal_cortex.o
                0x08000838                HAL_SYSTICK_Callback
 .text.HAL_SYSTICK_IRQHandler
                0x0800083c        0x8 Drivers/STM32F4xx_HAL_Driver/Src/stm32f4xx_hal_cortex.o
                0x0800083c                HAL_SYSTICK_IRQHandler
 .text.DMA_SetConfig
                0x08000844       0x2c Drivers/STM32F4xx_HAL_Driver/Src/stm32f4xx_hal_dma.o
 .text.DMA_CalcBaseAndBitshift
                0x08000870       0x3c Drivers/STM32F4xx_HAL_Driver/Src/stm32f4xx_hal_dma.o
 .text.DMA_CheckFifoParam
                0x080008ac       0x90 Drivers/STM32F4xx_HAL_Driver/Src/stm32f4xx_hal_dma.o
 .text.HAL_DMA_Init
                0x0800093c       0xd0 Drivers/STM32F4xx_HAL_Driver/Src/stm32f4xx_hal_dma.o
                0x0800093c                HAL_DMA_Init
 .text.HAL_DMA_Start_IT
                0x08000a0c       0x74 Drivers/STM32F4xx_HAL_Driver/Src/stm32f4xx_hal_dma.o
                0x08000a0c                HAL_DMA_Start_IT
 .text.HAL_DMA_IRQHandler
                0x08000a80      0x1e0 Drivers/STM32F4xx_HAL_Driver/Src/stm32f4xx_hal_dma.o
                0x08000a80                HAL_DMA_IRQHandler
 .text.HAL_GPIO_Init
                0x08000c60      0x1c0 Drivers/STM32F4xx_HAL_Driver/Src/stm32f4xx_hal_gpio.o
                0x08000c60                HAL_GPIO_Init
 .text.HAL_RCC_OscConfig
                0x08000e20      0x3c8 Drivers/STM32F4xx_HAL_Driver/Src/stm32f4xx_hal_rcc.o
                0x08000e20                HAL_RCC_OscConfig
 .text.HAL_RCC_GetSysClockFreq
                0x080011e8       0xa4 Drivers/STM32F4xx_HAL_Driver/Src/stm32f4xx_hal_rcc.o
                0x080011e8                HAL_RCC_GetSysClockFreq
 .text.HAL_RCC_ClockConfig
                0x0800128c      0x1b0 Drivers/STM32F4xx_HAL_Driver/Src/stm32f4xx_hal_rcc.o
                0x0800128c                HAL_RCC_ClockConfig
 .text.HAL_RCC_GetHCLKFreq
                0x0800143c        0xc Drivers/STM32F4xx_HAL_Driver/Src/stm32f4xx_hal_rcc.o
                0x0800143c                HAL_RCC_GetHCLKFreq
 .text.MX_GPIO_Init
                0x08001448       0x38 Src/main.o
 .text.MX_DMA_Init
                0x08001480       0x34 Src/main.o
 .text.Error_Handler
                0x080014b4        0x4 Src/main.o
                0x080014b4                Error_Handler
 .text.MX_ADC1_Init
                0x080014b8       0xf8 Src/main.o
 .text.SystemClock_Config
                0x080015b0       0xb8 Src/main.o
                0x080015b0                SystemClock_Config
 .text.main     0x08001668       0x2c Src/main.o
                0x08001668                main
 .text.HAL_MspInit
                0x08001694       0x60 Src/stm32f4xx_hal_msp.o
                0x08001694                HAL_MspInit
 .text.HAL_ADC_MspInit
                0x080016f4       0x88 Src/stm32f4xx_hal_msp.o
                0x080016f4                HAL_ADC_MspInit
 .text.NMI_Handler
                0x0800177c        0x4 Src/stm32f4xx_it.o
                0x0800177c                NMI_Handler
 .text.HardFault_Handler
                0x08001780        0x4 Src/stm32f4xx_it.o
                0x08001780                HardFault_Handler
 .text.MemManage_Handler
                0x08001784        0x4 Src/stm32f4xx_it.o
                0x08001784                MemManage_Handler
 .text.BusFault_Handler
                0x08001788        0x4 Src/stm32f4xx_it.o
                0x08001788                BusFault_Handler
 .text.UsageFault_Handler
                0x0800178c        0x4 Src/stm32f4xx_it.o
                0x0800178c                UsageFault_Handler
 .text.SVC_Handler
                0x08001790        0x4 Src/stm32f4xx_it.o
                0x08001790                SVC_Handler
 .text.DebugMon_Handler
                0x08001794        0x4 Src/stm32f4xx_it.o
                0x08001794                DebugMon_Handler
 .text.PendSV_Handler
                0x08001798        0x4 Src/stm32f4xx_it.o
                0x08001798                PendSV_Handler
 .text.SysTick_Handler
                0x0800179c        0xc Src/stm32f4xx_it.o
                0x0800179c                SysTick_Handler
 .text.DMA2_Stream0_IRQHandler
                0x080017a8       0x10 Src/stm32f4xx_it.o
                0x080017a8                DMA2_Stream0_IRQHandler
 .text.SystemInit
                0x080017b8       0x4c Src/system_stm32f4xx.o
                0x080017b8                SystemInit
 .text.Reset_Handler
                0x08001804       0x50 startup/startup_stm32f407xx.o
                0x08001804                Reset_Handler
 .text.Default_Handler
                0x08001854        0x2 startup/startup_stm32f407xx.o
                0x08001854                RTC_Alarm_IRQHandler
                0x08001854                HASH_RNG_IRQHandler
                0x08001854                EXTI2_IRQHandler
                0x08001854                TIM8_CC_IRQHandler
                0x08001854                TIM1_CC_IRQHandler
                0x08001854                DMA2_Stream5_IRQHandler
                0x08001854                DMA1_Stream5_IRQHandler
                0x08001854                PVD_IRQHandler
                0x08001854                SDIO_IRQHandler
                0x08001854                TAMP_STAMP_IRQHandler
                0x08001854                CAN2_RX1_IRQHandler
                0x08001854                EXTI3_IRQHandler
                0x08001854                TIM8_TRG_COM_TIM14_IRQHandler
                0x08001854                TIM1_UP_TIM10_IRQHandler
                0x08001854                TIM8_UP_TIM13_IRQHandler
                0x08001854                I2C3_ER_IRQHandler
                0x08001854                EXTI0_IRQHandler
                0x08001854                I2C2_EV_IRQHandler
                0x08001854                DMA1_Stream2_IRQHandler
                0x08001854                CAN1_RX0_IRQHandler
                0x08001854                FPU_IRQHandler
                0x08001854                OTG_HS_WKUP_IRQHandler
                0x08001854                CAN2_SCE_IRQHandler
                0x08001854                DMA2_Stream2_IRQHandler
                0x08001854                SPI1_IRQHandler
                0x08001854                TIM6_DAC_IRQHandler
                0x08001854                TIM1_BRK_TIM9_IRQHandler
                0x08001854                DCMI_IRQHandler
                0x08001854                CAN2_RX0_IRQHandler
                0x08001854                DMA2_Stream3_IRQHandler
                0x08001854                USART6_IRQHandler
                0x08001854                USART3_IRQHandler
                0x08001854                CAN1_RX1_IRQHandler
                0x08001854                UART5_IRQHandler
                0x08001854                TIM4_IRQHandler
                0x08001854                I2C1_EV_IRQHandler
                0x08001854                DMA1_Stream6_IRQHandler
                0x08001854                DMA1_Stream1_IRQHandler
                0x08001854                UART4_IRQHandler
                0x08001854                TIM3_IRQHandler
                0x08001854                RCC_IRQHandler
                0x08001854                TIM8_BRK_TIM12_IRQHandler
                0x08001854                Default_Handler
                0x08001854                EXTI15_10_IRQHandler
                0x08001854                ADC_IRQHandler
                0x08001854                DMA1_Stream7_IRQHandler
                0x08001854                TIM7_IRQHandler
                0x08001854                CAN2_TX_IRQHandler
                0x08001854                TIM5_IRQHandler
                0x08001854                DMA2_Stream7_IRQHandler
                0x08001854                I2C3_EV_IRQHandler
                0x08001854                EXTI9_5_IRQHandler
                0x08001854                RTC_WKUP_IRQHandler
                0x08001854                ETH_WKUP_IRQHandler
                0x08001854                SPI2_IRQHandler
                0x08001854                OTG_HS_EP1_IN_IRQHandler
                0x08001854                DMA1_Stream0_IRQHandler
                0x08001854                CAN1_TX_IRQHandler
                0x08001854                EXTI4_IRQHandler
                0x08001854                FSMC_IRQHandler
                0x08001854                ETH_IRQHandler
                0x08001854                OTG_HS_EP1_OUT_IRQHandler
                0x08001854                WWDG_IRQHandler
                0x08001854                TIM2_IRQHandler
                0x08001854                OTG_FS_WKUP_IRQHandler
                0x08001854                TIM1_TRG_COM_TIM11_IRQHandler
                0x08001854                OTG_HS_IRQHandler
                0x08001854                EXTI1_IRQHandler
                0x08001854                USART2_IRQHandler
                0x08001854                I2C2_ER_IRQHandler
                0x08001854                DMA2_Stream1_IRQHandler
                0x08001854                CAN1_SCE_IRQHandler
                0x08001854                FLASH_IRQHandler
                0x08001854                DMA2_Stream4_IRQHandler
                0x08001854                USART1_IRQHandler
                0x08001854                OTG_FS_IRQHandler
                0x08001854                SPI3_IRQHandler
                0x08001854                DMA1_Stream4_IRQHandler
                0x08001854                I2C1_ER_IRQHandler
                0x08001854                DMA2_Stream6_IRQHandler
                0x08001854                DMA1_Stream3_IRQHandler
 *fill*         0x08001856        0x2 
 .text.__libc_init_array
                0x08001858       0x4c /home/limabionics/.p2/pool/plugins/fr.ac6.mcu.externaltools.arm-none.linux64_1.13.1.201703061524/tools/compiler/bin/../lib/gcc/arm-none-eabi/5.4.1/../../../../arm-none-eabi/lib/armv7e-m/fpu/libc_nano.a(lib_a-init.o)
                0x08001858                __libc_init_array
 *(.glue_7)
 .glue_7        0x080018a4        0x0 linker stubs
 *(.glue_7t)
 .glue_7t       0x080018a4        0x0 linker stubs
 *(.eh_frame)
 .eh_frame      0x080018a4        0x0 /home/limabionics/.p2/pool/plugins/fr.ac6.mcu.externaltools.arm-none.linux64_1.13.1.201703061524/tools/compiler/bin/../lib/gcc/arm-none-eabi/5.4.1/armv7e-m/fpu/crtbegin.o
 *(.init)
 .init          0x080018a4        0x4 /home/limabionics/.p2/pool/plugins/fr.ac6.mcu.externaltools.arm-none.linux64_1.13.1.201703061524/tools/compiler/bin/../lib/gcc/arm-none-eabi/5.4.1/armv7e-m/fpu/crti.o
                0x080018a4                _init
 .init          0x080018a8        0x8 /home/limabionics/.p2/pool/plugins/fr.ac6.mcu.externaltools.arm-none.linux64_1.13.1.201703061524/tools/compiler/bin/../lib/gcc/arm-none-eabi/5.4.1/armv7e-m/fpu/crtn.o
 *(.fini)
 .fini          0x080018b0        0x4 /home/limabionics/.p2/pool/plugins/fr.ac6.mcu.externaltools.arm-none.linux64_1.13.1.201703061524/tools/compiler/bin/../lib/gcc/arm-none-eabi/5.4.1/armv7e-m/fpu/crti.o
                0x080018b0                _fini
 .fini          0x080018b4        0x8 /home/limabionics/.p2/pool/plugins/fr.ac6.mcu.externaltools.arm-none.linux64_1.13.1.201703061524/tools/compiler/bin/../lib/gcc/arm-none-eabi/5.4.1/armv7e-m/fpu/crtn.o
                0x080018bc                . = ALIGN (0x4)
                0x080018bc                _etext = .

.vfp11_veneer   0x080018bc        0x0
 .vfp11_veneer  0x080018bc        0x0 linker stubs

.v4_bx          0x080018bc        0x0
 .v4_bx         0x080018bc        0x0 linker stubs

.iplt           0x080018bc        0x0
 .iplt          0x080018bc        0x0 /home/limabionics/.p2/pool/plugins/fr.ac6.mcu.externaltools.arm-none.linux64_1.13.1.201703061524/tools/compiler/bin/../lib/gcc/arm-none-eabi/5.4.1/armv7e-m/fpu/crtbegin.o

.rodata         0x080018bc       0x20
                0x080018bc                . = ALIGN (0x4)
 *(.rodata)
 .rodata        0x080018bc        0x8 Drivers/STM32F4xx_HAL_Driver/Src/stm32f4xx_hal_dma.o
 .rodata        0x080018c4       0x18 Src/system_stm32f4xx.o
                0x080018c4                AHBPrescTable
                0x080018d4                APBPrescTable
 *(.rodata*)
                0x080018dc                . = ALIGN (0x4)

.rel.dyn        0x080018dc        0x0
 .rel.iplt      0x080018dc        0x0 /home/limabionics/.p2/pool/plugins/fr.ac6.mcu.externaltools.arm-none.linux64_1.13.1.201703061524/tools/compiler/bin/../lib/gcc/arm-none-eabi/5.4.1/armv7e-m/fpu/crtbegin.o

.ARM.extab
 *(.ARM.extab* .gnu.linkonce.armextab.*)

.ARM            0x080018dc        0x0
                0x080018dc                __exidx_start = .
 *(.ARM.exidx*)
                0x080018dc                __exidx_end = .

.preinit_array  0x080018dc        0x0
                0x080018dc                PROVIDE (__preinit_array_start, .)
 *(.preinit_array*)
                0x080018dc                PROVIDE (__preinit_array_end, .)

.init_array     0x080018dc        0x4
                0x080018dc                PROVIDE (__init_array_start, .)
 *(SORT(.init_array.*))
 *(.init_array*)
 .init_array    0x080018dc        0x4 /home/limabionics/.p2/pool/plugins/fr.ac6.mcu.externaltools.arm-none.linux64_1.13.1.201703061524/tools/compiler/bin/../lib/gcc/arm-none-eabi/5.4.1/armv7e-m/fpu/crtbegin.o
                0x080018e0                PROVIDE (__init_array_end, .)

.fini_array     0x080018e0        0x4
                [!provide]                PROVIDE (__fini_array_start, .)
 *(SORT(.fini_array.*))
 *(.fini_array*)
 .fini_array    0x080018e0        0x4 /home/limabionics/.p2/pool/plugins/fr.ac6.mcu.externaltools.arm-none.linux64_1.13.1.201703061524/tools/compiler/bin/../lib/gcc/arm-none-eabi/5.4.1/armv7e-m/fpu/crtbegin.o
                [!provide]                PROVIDE (__fini_array_end, .)
                0x080018e4                _sidata = LOADADDR (.data)

.data           0x20000000        0x4 load address 0x080018e4
                0x20000000                . = ALIGN (0x4)
                0x20000000                _sdata = .
 *(.data)
 .data          0x20000000        0x4 Src/system_stm32f4xx.o
                0x20000000                SystemCoreClock
 *(.data*)
                0x20000004                . = ALIGN (0x4)
                0x20000004                _edata = .
                0x080018e8                _siccmram = LOADADDR (.ccmram)

.jcr            0x20000004        0x0 load address 0x080018e8
 .jcr           0x20000004        0x0 /home/limabionics/.p2/pool/plugins/fr.ac6.mcu.externaltools.arm-none.linux64_1.13.1.201703061524/tools/compiler/bin/../lib/gcc/arm-none-eabi/5.4.1/armv7e-m/fpu/crtbegin.o

.igot.plt       0x20000004        0x0 load address 0x080018e8
 .igot.plt      0x20000004        0x0 /home/limabionics/.p2/pool/plugins/fr.ac6.mcu.externaltools.arm-none.linux64_1.13.1.201703061524/tools/compiler/bin/../lib/gcc/arm-none-eabi/5.4.1/armv7e-m/fpu/crtbegin.o

.ccmram         0x10000000        0x0 load address 0x080018e8
                0x10000000                . = ALIGN (0x4)
                0x10000000                _sccmram = .
 *(.ccmram)
 *(.ccmram*)
                0x10000000                . = ALIGN (0x4)
                0x10000000                _eccmram = .
                0x10000000                . = ALIGN (0x4)

.bss            0x20000004       0xd8
                0x20000004                _sbss = .
                0x20000004                __bss_start__ = _sbss
 *(.bss)
 .bss           0x20000004       0x1c /home/limabionics/.p2/pool/plugins/fr.ac6.mcu.externaltools.arm-none.linux64_1.13.1.201703061524/tools/compiler/bin/../lib/gcc/arm-none-eabi/5.4.1/armv7e-m/fpu/crtbegin.o
 *(.bss*)
 *(COMMON)
 COMMON         0x20000020        0x4 Drivers/STM32F4xx_HAL_Driver/Src/stm32f4xx_hal.o
                0x20000020                uwTick
 COMMON         0x20000024       0xb8 Src/main.o
                0x20000024                hadc1
                0x2000006c                adcValE
                0x2000007c                hdma_adc1
                0x200000dc                . = ALIGN (0x4)
                0x200000dc                _ebss = .
                0x200000dc                __bss_end__ = _ebss

._user_heap_stack
                0x200000dc      0x604
                0x200000e0                . = ALIGN (0x8)
 *fill*         0x200000dc        0x4 
                [!provide]                PROVIDE (end, .)
                [!provide]                PROVIDE (_end, .)
                0x200002e0                . = (. + _Min_Heap_Size)
 *fill*         0x200000e0      0x200 
                0x200006e0                . = (. + _Min_Stack_Size)
 *fill*         0x200002e0      0x400 
                0x200006e0                . = ALIGN (0x8)

/DISCARD/
 libc.a(*)
 libm.a(*)
 libgcc.a(*)

.ARM.attributes
                0x00000000       0x30
 *(.ARM.attributes)
 .ARM.attributes
                0x00000000       0x22 /home/limabionics/.p2/pool/plugins/fr.ac6.mcu.externaltools.arm-none.linux64_1.13.1.201703061524/tools/compiler/bin/../lib/gcc/arm-none-eabi/5.4.1/armv7e-m/fpu/crti.o
 .ARM.attributes
                0x00000022       0x34 /home/limabionics/.p2/pool/plugins/fr.ac6.mcu.externaltools.arm-none.linux64_1.13.1.201703061524/tools/compiler/bin/../lib/gcc/arm-none-eabi/5.4.1/armv7e-m/fpu/crtbegin.o
 .ARM.attributes
                0x00000056       0x39 Drivers/STM32F4xx_HAL_Driver/Src/stm32f4xx_hal.o
 .ARM.attributes
                0x0000008f       0x39 Drivers/STM32F4xx_HAL_Driver/Src/stm32f4xx_hal_adc.o
 .ARM.attributes
                0x000000c8       0x39 Drivers/STM32F4xx_HAL_Driver/Src/stm32f4xx_hal_cortex.o
 .ARM.attributes
                0x00000101       0x39 Drivers/STM32F4xx_HAL_Driver/Src/stm32f4xx_hal_dma.o
 .ARM.attributes
                0x0000013a       0x39 Drivers/STM32F4xx_HAL_Driver/Src/stm32f4xx_hal_gpio.o
 .ARM.attributes
                0x00000173       0x39 Drivers/STM32F4xx_HAL_Driver/Src/stm32f4xx_hal_rcc.o
 .ARM.attributes
                0x000001ac       0x39 Src/main.o
 .ARM.attributes
                0x000001e5       0x39 Src/stm32f4xx_hal_msp.o
 .ARM.attributes
                0x0000021e       0x39 Src/stm32f4xx_it.o
 .ARM.attributes
                0x00000257       0x39 Src/system_stm32f4xx.o
 .ARM.attributes
                0x00000290       0x21 startup/startup_stm32f407xx.o
 .ARM.attributes
                0x000002b1       0x34 /home/limabionics/.p2/pool/plugins/fr.ac6.mcu.externaltools.arm-none.linux64_1.13.1.201703061524/tools/compiler/bin/../lib/gcc/arm-none-eabi/5.4.1/../../../../arm-none-eabi/lib/armv7e-m/fpu/libc_nano.a(lib_a-init.o)
 .ARM.attributes
                0x000002e5       0x22 /home/limabionics/.p2/pool/plugins/fr.ac6.mcu.externaltools.arm-none.linux64_1.13.1.201703061524/tools/compiler/bin/../lib/gcc/arm-none-eabi/5.4.1/armv7e-m/fpu/crtn.o
OUTPUT(ADC_8Channels.elf elf32-littlearm)

.debug_info     0x00000000     0x6983
 .debug_info    0x00000000      0x928 Drivers/STM32F4xx_HAL_Driver/Src/stm32f4xx_hal.o
 .debug_info    0x00000928      0xdd8 Drivers/STM32F4xx_HAL_Driver/Src/stm32f4xx_hal_adc.o
 .debug_info    0x00001700      0xf0d Drivers/STM32F4xx_HAL_Driver/Src/stm32f4xx_hal_cortex.o
 .debug_info    0x0000260d      0xa62 Drivers/STM32F4xx_HAL_Driver/Src/stm32f4xx_hal_dma.o
 .debug_info    0x0000306f      0x72a Drivers/STM32F4xx_HAL_Driver/Src/stm32f4xx_hal_gpio.o
 .debug_info    0x00003799      0xce5 Drivers/STM32F4xx_HAL_Driver/Src/stm32f4xx_hal_rcc.o
 .debug_info    0x0000447e      0xf3a Src/main.o
 .debug_info    0x000053b8      0xc47 Src/stm32f4xx_hal_msp.o
 .debug_info    0x00005fff      0x40f Src/stm32f4xx_it.o
 .debug_info    0x0000640e      0x500 Src/system_stm32f4xx.o
 .debug_info    0x0000690e       0x75 startup/startup_stm32f407xx.o

.debug_abbrev   0x00000000     0x155a
 .debug_abbrev  0x00000000      0x25c Drivers/STM32F4xx_HAL_Driver/Src/stm32f4xx_hal.o
 .debug_abbrev  0x0000025c      0x27c Drivers/STM32F4xx_HAL_Driver/Src/stm32f4xx_hal_adc.o
 .debug_abbrev  0x000004d8      0x2fe Drivers/STM32F4xx_HAL_Driver/Src/stm32f4xx_hal_cortex.o
 .debug_abbrev  0x000007d6      0x28e Drivers/STM32F4xx_HAL_Driver/Src/stm32f4xx_hal_dma.o
 .debug_abbrev  0x00000a64      0x1cd Drivers/STM32F4xx_HAL_Driver/Src/stm32f4xx_hal_gpio.o
 .debug_abbrev  0x00000c31      0x2b0 Drivers/STM32F4xx_HAL_Driver/Src/stm32f4xx_hal_rcc.o
 .debug_abbrev  0x00000ee1      0x22f Src/main.o
 .debug_abbrev  0x00001110      0x1bc Src/stm32f4xx_hal_msp.o
 .debug_abbrev  0x000012cc      0x178 Src/stm32f4xx_it.o
 .debug_abbrev  0x00001444      0x104 Src/system_stm32f4xx.o
 .debug_abbrev  0x00001548       0x12 startup/startup_stm32f407xx.o

.debug_loc      0x00000000     0x2397
 .debug_loc     0x00000000       0x91 Drivers/STM32F4xx_HAL_Driver/Src/stm32f4xx_hal.o
 .debug_loc     0x00000091      0x87e Drivers/STM32F4xx_HAL_Driver/Src/stm32f4xx_hal_adc.o
 .debug_loc     0x0000090f      0x548 Drivers/STM32F4xx_HAL_Driver/Src/stm32f4xx_hal_cortex.o
 .debug_loc     0x00000e57      0xa0b Drivers/STM32F4xx_HAL_Driver/Src/stm32f4xx_hal_dma.o
 .debug_loc     0x00001862      0x38f Drivers/STM32F4xx_HAL_Driver/Src/stm32f4xx_hal_gpio.o
 .debug_loc     0x00001bf1      0x622 Drivers/STM32F4xx_HAL_Driver/Src/stm32f4xx_hal_rcc.o
 .debug_loc     0x00002213       0x52 Src/stm32f4xx_hal_msp.o
 .debug_loc     0x00002265      0x132 Src/system_stm32f4xx.o

.debug_aranges  0x00000000      0x4f8
 .debug_aranges
                0x00000000       0xc8 Drivers/STM32F4xx_HAL_Driver/Src/stm32f4xx_hal.o
 .debug_aranges
                0x000000c8       0xe8 Drivers/STM32F4xx_HAL_Driver/Src/stm32f4xx_hal_adc.o
 .debug_aranges
                0x000001b0       0xa8 Drivers/STM32F4xx_HAL_Driver/Src/stm32f4xx_hal_cortex.o
 .debug_aranges
                0x00000258       0x90 Drivers/STM32F4xx_HAL_Driver/Src/stm32f4xx_hal_dma.o
 .debug_aranges
                0x000002e8       0x58 Drivers/STM32F4xx_HAL_Driver/Src/stm32f4xx_hal_gpio.o
 .debug_aranges
                0x00000340       0x88 Drivers/STM32F4xx_HAL_Driver/Src/stm32f4xx_hal_rcc.o
 .debug_aranges
                0x000003c8       0x48 Src/main.o
 .debug_aranges
                0x00000410       0x30 Src/stm32f4xx_hal_msp.o
 .debug_aranges
                0x00000440       0x68 Src/stm32f4xx_it.o
 .debug_aranges
                0x000004a8       0x28 Src/system_stm32f4xx.o
 .debug_aranges
                0x000004d0       0x28 startup/startup_stm32f407xx.o

.debug_ranges   0x00000000      0x450
 .debug_ranges  0x00000000       0xb8 Drivers/STM32F4xx_HAL_Driver/Src/stm32f4xx_hal.o
 .debug_ranges  0x000000b8       0xd8 Drivers/STM32F4xx_HAL_Driver/Src/stm32f4xx_hal_adc.o
 .debug_ranges  0x00000190       0x98 Drivers/STM32F4xx_HAL_Driver/Src/stm32f4xx_hal_cortex.o
 .debug_ranges  0x00000228       0x80 Drivers/STM32F4xx_HAL_Driver/Src/stm32f4xx_hal_dma.o
 .debug_ranges  0x000002a8       0x48 Drivers/STM32F4xx_HAL_Driver/Src/stm32f4xx_hal_gpio.o
 .debug_ranges  0x000002f0       0x78 Drivers/STM32F4xx_HAL_Driver/Src/stm32f4xx_hal_rcc.o
 .debug_ranges  0x00000368       0x38 Src/main.o
 .debug_ranges  0x000003a0       0x20 Src/stm32f4xx_hal_msp.o
 .debug_ranges  0x000003c0       0x58 Src/stm32f4xx_it.o
 .debug_ranges  0x00000418       0x18 Src/system_stm32f4xx.o
 .debug_ranges  0x00000430       0x20 startup/startup_stm32f407xx.o

.debug_macro    0x00000000    0x2041e
 .debug_macro   0x00000000      0x365 Drivers/STM32F4xx_HAL_Driver/Src/stm32f4xx_hal.o
 .debug_macro   0x00000365      0x898 Drivers/STM32F4xx_HAL_Driver/Src/stm32f4xx_hal.o
 .debug_macro   0x00000bfd      0x17a Drivers/STM32F4xx_HAL_Driver/Src/stm32f4xx_hal.o
 .debug_macro   0x00000d77       0x33 Drivers/STM32F4xx_HAL_Driver/Src/stm32f4xx_hal.o
 .debug_macro   0x00000daa       0x28 Drivers/STM32F4xx_HAL_Driver/Src/stm32f4xx_hal.o
 .debug_macro   0x00000dd2       0x22 Drivers/STM32F4xx_HAL_Driver/Src/stm32f4xx_hal.o
 .debug_macro   0x00000df4       0x87 Drivers/STM32F4xx_HAL_Driver/Src/stm32f4xx_hal.o
 .debug_macro   0x00000e7b       0x44 Drivers/STM32F4xx_HAL_Driver/Src/stm32f4xx_hal.o
 .debug_macro   0x00000ebf       0xfd Drivers/STM32F4xx_HAL_Driver/Src/stm32f4xx_hal.o
 .debug_macro   0x00000fbc       0x5e Drivers/STM32F4xx_HAL_Driver/Src/stm32f4xx_hal.o
 .debug_macro   0x0000101a      0x1df Drivers/STM32F4xx_HAL_Driver/Src/stm32f4xx_hal.o
 .debug_macro   0x000011f9       0x35 Drivers/STM32F4xx_HAL_Driver/Src/stm32f4xx_hal.o
 .debug_macro   0x0000122e       0x50 Drivers/STM32F4xx_HAL_Driver/Src/stm32f4xx_hal.o
 .debug_macro   0x0000127e      0xe66 Drivers/STM32F4xx_HAL_Driver/Src/stm32f4xx_hal.o
 .debug_macro   0x000020e4    0x15e04 Drivers/STM32F4xx_HAL_Driver/Src/stm32f4xx_hal.o
 .debug_macro   0x00017ee8       0x43 Drivers/STM32F4xx_HAL_Driver/Src/stm32f4xx_hal.o
 .debug_macro   0x00017f2b     0x3574 Drivers/STM32F4xx_HAL_Driver/Src/stm32f4xx_hal.o
 .debug_macro   0x0001b49f       0x52 Drivers/STM32F4xx_HAL_Driver/Src/stm32f4xx_hal.o
 .debug_macro   0x0001b4f1       0x35 Drivers/STM32F4xx_HAL_Driver/Src/stm32f4xx_hal.o
 .debug_macro   0x0001b526       0x9c Drivers/STM32F4xx_HAL_Driver/Src/stm32f4xx_hal.o
 .debug_macro   0x0001b5c2       0x16 Drivers/STM32F4xx_HAL_Driver/Src/stm32f4xx_hal.o
 .debug_macro   0x0001b5d8       0x97 Drivers/STM32F4xx_HAL_Driver/Src/stm32f4xx_hal.o
 .debug_macro   0x0001b66f      0x30d Drivers/STM32F4xx_HAL_Driver/Src/stm32f4xx_hal.o
 .debug_macro   0x0001b97c       0xfd Drivers/STM32F4xx_HAL_Driver/Src/stm32f4xx_hal.o
 .debug_macro   0x0001ba79       0x10 Drivers/STM32F4xx_HAL_Driver/Src/stm32f4xx_hal.o
 .debug_macro   0x0001ba89       0x52 Drivers/STM32F4xx_HAL_Driver/Src/stm32f4xx_hal.o
 .debug_macro   0x0001badb       0x1f Drivers/STM32F4xx_HAL_Driver/Src/stm32f4xx_hal.o
 .debug_macro   0x0001bafa       0x43 Drivers/STM32F4xx_HAL_Driver/Src/stm32f4xx_hal.o
 .debug_macro   0x0001bb3d       0x20 Drivers/STM32F4xx_HAL_Driver/Src/stm32f4xx_hal.o
 .debug_macro   0x0001bb5d      0x187 Drivers/STM32F4xx_HAL_Driver/Src/stm32f4xx_hal.o
 .debug_macro   0x0001bce4       0x10 Drivers/STM32F4xx_HAL_Driver/Src/stm32f4xx_hal.o
 .debug_macro   0x0001bcf4       0x1c Drivers/STM32F4xx_HAL_Driver/Src/stm32f4xx_hal.o
 .debug_macro   0x0001bd10       0x52 Drivers/STM32F4xx_HAL_Driver/Src/stm32f4xx_hal.o
 .debug_macro   0x0001bd62       0x40 Drivers/STM32F4xx_HAL_Driver/Src/stm32f4xx_hal.o
 .debug_macro   0x0001bda2       0x10 Drivers/STM32F4xx_HAL_Driver/Src/stm32f4xx_hal.o
 .debug_macro   0x0001bdb2       0x40 Drivers/STM32F4xx_HAL_Driver/Src/stm32f4xx_hal.o
 .debug_macro   0x0001bdf2       0xd7 Drivers/STM32F4xx_HAL_Driver/Src/stm32f4xx_hal.o
 .debug_macro   0x0001bec9       0x16 Drivers/STM32F4xx_HAL_Driver/Src/stm32f4xx_hal.o
 .debug_macro   0x0001bedf      0x18b Drivers/STM32F4xx_HAL_Driver/Src/stm32f4xx_hal.o
 .debug_macro   0x0001c06a       0x50 Drivers/STM32F4xx_HAL_Driver/Src/stm32f4xx_hal.o
 .debug_macro   0x0001c0ba      0x96b Drivers/STM32F4xx_HAL_Driver/Src/stm32f4xx_hal.o
 .debug_macro   0x0001ca25      0x9e1 Drivers/STM32F4xx_HAL_Driver/Src/stm32f4xx_hal.o
 .debug_macro   0x0001d406      0x11e Drivers/STM32F4xx_HAL_Driver/Src/stm32f4xx_hal.o
 .debug_macro   0x0001d524      0x13e Drivers/STM32F4xx_HAL_Driver/Src/stm32f4xx_hal.o
 .debug_macro   0x0001d662       0x27 Drivers/STM32F4xx_HAL_Driver/Src/stm32f4xx_hal.o
 .debug_macro   0x0001d689      0x287 Drivers/STM32F4xx_HAL_Driver/Src/stm32f4xx_hal.o
 .debug_macro   0x0001d910       0x5f Drivers/STM32F4xx_HAL_Driver/Src/stm32f4xx_hal.o
 .debug_macro   0x0001d96f      0x23a Drivers/STM32F4xx_HAL_Driver/Src/stm32f4xx_hal.o
 .debug_macro   0x0001dba9      0x391 Drivers/STM32F4xx_HAL_Driver/Src/stm32f4xx_hal.o
 .debug_macro   0x0001df3a      0x176 Drivers/STM32F4xx_HAL_Driver/Src/stm32f4xx_hal.o
 .debug_macro   0x0001e0b0       0xf9 Drivers/STM32F4xx_HAL_Driver/Src/stm32f4xx_hal.o
 .debug_macro   0x0001e1a9      0x133 Drivers/STM32F4xx_HAL_Driver/Src/stm32f4xx_hal.o
 .debug_macro   0x0001e2dc      0x21e Drivers/STM32F4xx_HAL_Driver/Src/stm32f4xx_hal.o
 .debug_macro   0x0001e4fa       0x2e Drivers/STM32F4xx_HAL_Driver/Src/stm32f4xx_hal.o
 .debug_macro   0x0001e528      0x11e Drivers/STM32F4xx_HAL_Driver/Src/stm32f4xx_hal.o
 .debug_macro   0x0001e646       0x7f Drivers/STM32F4xx_HAL_Driver/Src/stm32f4xx_hal.o
 .debug_macro   0x0001e6c5       0x89 Drivers/STM32F4xx_HAL_Driver/Src/stm32f4xx_hal.o
 .debug_macro   0x0001e74e      0x125 Drivers/STM32F4xx_HAL_Driver/Src/stm32f4xx_hal.o
 .debug_macro   0x0001e873      0x306 Drivers/STM32F4xx_HAL_Driver/Src/stm32f4xx_hal_adc.o
 .debug_macro   0x0001eb79      0x305 Drivers/STM32F4xx_HAL_Driver/Src/stm32f4xx_hal_cortex.o
 .debug_macro   0x0001ee7e      0x30c Drivers/STM32F4xx_HAL_Driver/Src/stm32f4xx_hal_dma.o
 .debug_macro   0x0001f18a      0x33d Drivers/STM32F4xx_HAL_Driver/Src/stm32f4xx_hal_gpio.o
 .debug_macro   0x0001f4c7      0x32f Drivers/STM32F4xx_HAL_Driver/Src/stm32f4xx_hal_rcc.o
 .debug_macro   0x0001f7f6      0x309 Src/main.o
 .debug_macro   0x0001faff      0x305 Src/stm32f4xx_hal_msp.o
 .debug_macro   0x0001fe04      0x30f Src/stm32f4xx_it.o
 .debug_macro   0x00020113      0x30b Src/system_stm32f4xx.o

.debug_line     0x00000000     0x5e1f
 .debug_line    0x00000000      0x94e Drivers/STM32F4xx_HAL_Driver/Src/stm32f4xx_hal.o
 .debug_line    0x0000094e      0xbea Drivers/STM32F4xx_HAL_Driver/Src/stm32f4xx_hal_adc.o
 .debug_line    0x00001538      0x9ab Drivers/STM32F4xx_HAL_Driver/Src/stm32f4xx_hal_cortex.o
 .debug_line    0x00001ee3      0xaae Drivers/STM32F4xx_HAL_Driver/Src/stm32f4xx_hal_dma.o
 .debug_line    0x00002991      0x925 Drivers/STM32F4xx_HAL_Driver/Src/stm32f4xx_hal_gpio.o
 .debug_line    0x000032b6      0xacb Drivers/STM32F4xx_HAL_Driver/Src/stm32f4xx_hal_rcc.o
 .debug_line    0x00003d81      0x837 Src/main.o
 .debug_line    0x000045b8      0x7e4 Src/stm32f4xx_hal_msp.o
 .debug_line    0x00004d9c      0x83d Src/stm32f4xx_it.o
 .debug_line    0x000055d9      0x7c7 Src/system_stm32f4xx.o
 .debug_line    0x00005da0       0x7f startup/startup_stm32f407xx.o

.debug_str      0x00000000    0xbe300
 .debug_str     0x00000000    0xbcdca Drivers/STM32F4xx_HAL_Driver/Src/stm32f4xx_hal.o
                              0xbd146 (size before relaxing)
 .debug_str     0x000bcdca      0x6ac Drivers/STM32F4xx_HAL_Driver/Src/stm32f4xx_hal_adc.o
                              0xbcc56 (size before relaxing)
 .debug_str     0x000bd476      0x3ac Drivers/STM32F4xx_HAL_Driver/Src/stm32f4xx_hal_cortex.o
                              0xbcf0e (size before relaxing)
 .debug_str     0x000bd822      0x304 Drivers/STM32F4xx_HAL_Driver/Src/stm32f4xx_hal_dma.o
                              0xbca8e (size before relaxing)
 .debug_str     0x000bdb26      0x287 Drivers/STM32F4xx_HAL_Driver/Src/stm32f4xx_hal_gpio.o
                              0xbc89c (size before relaxing)
 .debug_str     0x000bddad      0x39c Drivers/STM32F4xx_HAL_Driver/Src/stm32f4xx_hal_rcc.o
                              0xbca99 (size before relaxing)
 .debug_str     0x000be149       0x72 Src/main.o
                              0xbd122 (size before relaxing)
 .debug_str     0x000be1bb       0x1b Src/stm32f4xx_hal_msp.o
                              0xbcfa8 (size before relaxing)
 .debug_str     0x000be1d6       0xd0 Src/stm32f4xx_it.o
                              0xbc7e7 (size before relaxing)
 .debug_str     0x000be2a6       0x5a Src/system_stm32f4xx.o
                              0xbc684 (size before relaxing)

.comment        0x00000000       0x6e
 .comment       0x00000000       0x6e Drivers/STM32F4xx_HAL_Driver/Src/stm32f4xx_hal.o
                                 0x6f (size before relaxing)
 .comment       0x0000006e       0x6f Drivers/STM32F4xx_HAL_Driver/Src/stm32f4xx_hal_adc.o
 .comment       0x0000006e       0x6f Drivers/STM32F4xx_HAL_Driver/Src/stm32f4xx_hal_cortex.o
 .comment       0x0000006e       0x6f Drivers/STM32F4xx_HAL_Driver/Src/stm32f4xx_hal_dma.o
 .comment       0x0000006e       0x6f Drivers/STM32F4xx_HAL_Driver/Src/stm32f4xx_hal_gpio.o
 .comment       0x0000006e       0x6f Drivers/STM32F4xx_HAL_Driver/Src/stm32f4xx_hal_rcc.o
 .comment       0x0000006e       0x6f Src/main.o
 .comment       0x0000006e       0x6f Src/stm32f4xx_hal_msp.o
 .comment       0x0000006e       0x6f Src/stm32f4xx_it.o
 .comment       0x0000006e       0x6f Src/system_stm32f4xx.o

.debug_frame    0x00000000      0xb0c
 .debug_frame   0x00000000      0x198 Drivers/STM32F4xx_HAL_Driver/Src/stm32f4xx_hal.o
 .debug_frame   0x00000198      0x25c Drivers/STM32F4xx_HAL_Driver/Src/stm32f4xx_hal_adc.o
 .debug_frame   0x000003f4      0x154 Drivers/STM32F4xx_HAL_Driver/Src/stm32f4xx_hal_cortex.o
 .debug_frame   0x00000548      0x184 Drivers/STM32F4xx_HAL_Driver/Src/stm32f4xx_hal_dma.o
 .debug_frame   0x000006cc       0xc4 Drivers/STM32F4xx_HAL_Driver/Src/stm32f4xx_hal_gpio.o
 .debug_frame   0x00000790      0x150 Drivers/STM32F4xx_HAL_Driver/Src/stm32f4xx_hal_rcc.o
 .debug_frame   0x000008e0       0xa4 Src/main.o
 .debug_frame   0x00000984       0x6c Src/stm32f4xx_hal_msp.o
 .debug_frame   0x000009f0       0xc0 Src/stm32f4xx_it.o
 .debug_frame   0x00000ab0       0x30 Src/system_stm32f4xx.o
 .debug_frame   0x00000ae0       0x2c /home/limabionics/.p2/pool/plugins/fr.ac6.mcu.externaltools.arm-none.linux64_1.13.1.201703061524/tools/compiler/bin/../lib/gcc/arm-none-eabi/5.4.1/../../../../arm-none-eabi/lib/armv7e-m/fpu/libc_nano.a(lib_a-init.o)
